 Process in group number            1
 A PDF is used, so alpha_s(MZ) is going to be modified
 Old value of alpha_s from param_card:   0.13000000000000003     
  ****************************************
 
       NNPDFDriver version 1.0.3
   Grid: NNPDF23_lo_as_0130_qed_mem0.grid
  ****************************************
 New value of alpha_s from PDF nn23lo1:  0.13000000000000000     
 Define smin to   167.80611599999997     
 *****************************************************
 *               MadGraph/MadEvent                   *
 *        --------------------------------           *
 *          http://madgraph.hep.uiuc.edu             *
 *          http://madgraph.phys.ucl.ac.be           *
 *          http://madgraph.roma2.infn.it            *
 *        --------------------------------           *
 *                                                   *
 *          PARAMETER AND COUPLING VALUES            *
 *                                                   *
 *****************************************************

  External Params
  ---------------------------------
  
 mdl_kap =    1.0000000000000000E-004
 aEWM1 =    127.90000000000001     
 mdl_Gf =    1.1663900000000000E-005
 aS =   0.13000000000000003     
 mdl_ymd =    4.6699999999999997E-003
 mdl_ymu =    2.5999999999999999E-003
 mdl_yms =    9.2999999999999999E-002
 mdl_ymc =    1.4199999999999999     
 mdl_ymb =    4.7000000000000002     
 mdl_ymt =    174.30000000000001     
 mdl_ymel =    5.1099999999999995E-004
 mdl_ymmu =   0.10570000000000000     
 mdl_ymtau =    1.7769999999999999     
 mdl_MW =    80.376999999999995     
 mdl_xi =    5000.0000000000000     
 mdl_ME =    5.1099999999999995E-004
 mdl_MM =   0.10570000000000000     
 mdl_MTA =    1.7769999999999999     
 mdl_MU =    2.5999999999999999E-003
 mdl_MC =    1.4199999999999999     
 mdl_MT =    174.30000000000001     
 mdl_MD =    4.6699999999999997E-003
 mdl_MS =    9.2999999999999999E-002
 mdl_MB =    4.7000000000000002     
 mdl_MHinput =    1000.0000000000000     
 mdl_MHSinput =    300.00000000000000     
 mdl_WT =    1.5083359999999999     
 mdl_WH =    2.8229900000000000E-003
 mdl_WHS =    5.2379499999999997     
  Internal Params
  ---------------------------------
  
 mdl_nb__2__exp__0_25 =    1.1892071150027210     
 mdl_sqrt__Gf =    3.4152452327761182E-003
 mdl_v =    246.21845810181634     
 mdl_MHinput__exp__2 =    1000000.0000000000     
 mdl_MHSinput__exp__2 =    90000.000000000000     
 mdl_kap__exp__2 =    1.0000000000000000E-008
 mdl_v__exp__2 =    60623.529110035888     
 mdl_xi__exp__2 =    25000000.000000000     
 mdl_th =   -1.3528486953314194E-004
 mdl_MHinput__exp__6 =    1.0000000000000000E+018
 mdl_MT__exp__6 =    28040407622150.848     
 mdl_MHinput__exp__4 =    1000000000000.0000     
 mdl_MT__exp__4 =    922974172.64010036     
 mdl_MT__exp__2 =    30380.490000000005     
 mdl_lam =    8.2476226477191315     
 mdl_rho =    1.8000003330963198E-003
 mdl_sqrt__2 =    1.4142135623730951     
 mdl_yb =    2.6995554250465494E-002
 mdl_yc =    8.1561036246087220E-003
 mdl_yd =    2.6823242202058262E-005
 mdl_ye =    2.9350485578697585E-006
 mdl_ym =    6.0711278388812817E-004
 mdl_ys =    5.3416735006240224E-004
 mdl_yt =    1.0011330012459863     
 mdl_ytau =    1.0206617000654717E-002
 mdl_yu =    1.4933710861959633E-005
 mdl_th__exp__2 =    1.8301995924599237E-008
 mdl_ch =   0.99999999084900215     
 mdl_muH2 =    45003.039503863496     
 mdl_muSM2 =    501249.99167259200     
 mdl_sh =   -1.3528486829515038E-004
 mdl_MHinput__exp__12 =    1.0000000000000000E+036
 mdl_MW__exp__12 =    7.2707884733452670E+022
 mdl_MHinput__exp__10 =    1.0000000000000000E+030
 mdl_MW__exp__10 =    1.1254285418233223E+019
 mdl_MHinput__exp__8 =    9.9999999999999998E+023
 mdl_MW__exp__8 =    1742024826322331.0     
 mdl_MW__exp__6 =    269643996286.68292     
 mdl_MW__exp__4 =    41737570.920243204     
 mdl_MW__exp__2 =    6460.4621289999995     
 mdl_complexi =                (0.0000000000000000,1.0000000000000000)
 mdl_ch__exp__3 =   0.99999997254700679     
 mdl_sh__exp__3 =   -2.4759830628823544E-012
 mdl_ch__exp__4 =   0.99999996339600916     
 mdl_ch__exp__2 =   0.99999998169800441     
 mdl_sh__exp__2 =    1.8301995589636184E-008
 mdl_sh__exp__4 =    3.3496304256306235E-016
 mdl_aEW =    7.8186082877247844E-003
 mdl_sqrt__aEW =    8.8422894590285753E-002
 mdl_ee =   0.31345100004952897     
 mdl_ee__exp__2 =    9.8251529432049817E-002
 mdl_AH =    3036.1722422755624     
  Internal Params evaluated point by point
  ----------------------------------------
  
 mdl_sqrt__aS =   0.36055512754639896     
 mdl_G__exp__2 =    1.6336281798666927     
 mdl_GH =   -2.0708452126670693E-003
  Couplings of HAHM_gluons_UFO
  ---------------------------------
  
         GC_3 =   0.00000E+00   0.20708E-02
        GC_17 =   0.00000E+00  -0.32015E-01
        GC_20 =  -0.00000E+00   0.25824E-05
        GC_22 =  -0.00000E+00   0.78022E-06
        GC_24 =  -0.00000E+00   0.25659E-08
        GC_26 =  -0.00000E+00   0.28077E-09
        GC_28 =  -0.00000E+00   0.58077E-07
        GC_30 =  -0.00000E+00   0.51099E-07
        GC_32 =  -0.00000E+00   0.95769E-04
        GC_34 =  -0.00000E+00   0.97637E-06
        GC_36 =  -0.00000E+00   0.14286E-08

 Collider parameters:
 --------------------

 Running at P P   machine @    13000.000000000000       GeV
 PDF set = nn23lo1
 alpha_s(Mz)= 0.1300 running at 2 loops.
 alpha_s(Mz)= 0.1300 running at 2 loops.
 Renormalization scale set on event-by-event basis
 Factorization   scale set on event-by-event basis


 getting user params
Enter number of events and max and min iterations: 
 Number of events and iterations         1000           5           3
Enter desired fractional accuracy: 
 Desired fractional accuracy:   0.10000000000000001     
Enter 0 for fixed, 2 for adjustable grid: 
Suppress amplitude (0 no, 1 yes)? 
 Using suppressed amplitude.
Exact helicity sum (0 yes, n = number/event)? 
 Explicitly summing over helicities
Enter Configuration Number: 
Running Configuration Number:    1
 Not subdividing B.W.
 Attempting mappinvarients           1           6
 Determine nb_t
 T-channel found:            0
 Completed mapping           6
 about to integrate           10        1000           5           3          10           1
 Using non-zero grid deformation.
 10 dimensions   1000 events 10 invarients  5 iterations  1 config(s),  (0.99)
 Using h-tuple random number sequence.
 Error opening grid
 Using Uniform Grid!          24
 Using uniform alpha   1.0000000000000000     
 Grid defined OK
 Masses: 0.000E+00 0.000E+00 0.470E+01 0.470E+01 0.178E+01 0.178E+01
 Set CM energy to      13000.00
 Mapping Graph           1  to config           1
 Determine nb_t
 T-channel found:            0
 Setting BW          -1           1   300.00000000000000     
 Setting BW          -2           2   300.00000000000000     
 Setting PDF BW           9           3   1000.0000000000000     
 Transforming s_hat BW    5.9171597633136102E-003   1.6704082840236687E-008
Using random seed offsets     1 :     35
  with seed                   24
 Ranmar initialization seeds       31059        9432
 
 ********************************************
 * You are using the DiscreteSampler module *
 *      part of the MG5_aMC framework       *
 *         Author: Valentin Hirschi         *
 ********************************************
 
  Particle       3       4       5       6
      Et >     0.0     0.0     0.0     0.0
       E >     0.0     0.0     0.0     0.0
     Eta <    -1.0    -1.0    -1.0    -1.0
   xqcut:      0.0     0.0     0.0     0.0
d R # 3  >    -0.0     0.0     0.0     0.0
d R # 4  >    -0.0    -0.0     0.0     0.0
d R # 5  >    -0.0    -0.0    -0.0     0.0
s min # 3>     0.0    88.4    42.0     0.0
s min # 4>     0.0     0.0    42.0     0.0
s min # 5>     0.0     0.0     0.0     0.0
xqcutij # 3>     0.0     0.0     0.0     0.0
xqcutij # 4>     0.0     0.0     0.0     0.0
xqcutij # 5>     0.0     0.0     0.0     0.0
 No cut BW           -1           1
 No cut BW           -2           2
 No cut BW           -3           3
 alpha_s for scale    999.99914747058449       is    9.3085455765966343E-002
 RESET CUMULATIVE VARIABLE
 Iteration  1   Mean: 0.4727E-25 Abs mean: 0.4727E-25   Fluctuation:  0.148E-26   0.159E-24    94.0%
  1    0.4727E-25 0.4727E-25 +- 0.1481E-26      0.99
 Writing out events   1.0059713073600615E-029  0.99069338290944498     
 Relative summed weights:
  0.1000E+01  0.0000E+00
 Relative number of events:
  0.1000E+01  0.0000E+00
 Events:
        1009           0
 Iteration  2   Mean: 0.4950E-25 Abs mean: 0.4950E-25   Fluctuation:  0.646E-27   0.114E-24    95.5%
  2    0.4950E-25 0.4950E-25 +- 0.6460E-27      0.58
 Relative summed weights:
  0.1000E+01  0.0000E+00
 Relative number of events:
  0.1000E+01  0.0000E+00
 Events:
        2000           0
 Iteration  3   Mean: 0.4992E-25 Abs mean: 0.4992E-25   Fluctuation:  0.342E-27   0.104E-24    96.5%
  3    0.4992E-25 0.4992E-25 +- 0.3424E-27      0.43
 Relative summed weights:
  0.1000E+01  0.0000E+00
 Relative number of events:
  0.1000E+01  0.0000E+00
 Events:
        4000           0
 Accuracy:    0.007   0.100   0.006   1.469
 Finished due to accuracy    7.2241541827260565E-003  0.10000000000000001     

 -------------------------------------------------------------------------------
 Accumulated results:   Integral =  0.4974E-25
                        Std dev  =  0.2964E-27
                       Cross sec =  0.4974E-25
             Chi**2 per DoF.     =      1.4694
 -------------------------------------------------------------------------------
 Found          392  events.
 Wrote          388  events.
 Actual xsec    4.9739436254147622E-026
 Correct abs xsec    4.9739436254147622E-026
 Event xsec    4.9739436254148070E-026
 Events wgts > 1:            0
 % Cross section > 1:    0.0000000000000000        0.0000000000000000     
-------------------------------------------------
---------------------------
 Results Last   3 iters: Integral =   0.4974E-25
                     Abs integral =   0.4974E-25
                          Std dev =   0.2964E-27
                  Chi**2 per DoF. =      1.6031
-------------------------------------------------
---------------------------
 Status  0.10000000000000001                4           5

ls status:
events.lhe
ftn26
input_app.txt
results.dat
run1_app.log
