# mur		muf		alpsfact	dynamical_scale	pdf		cross-section
1.0		1.0		1.0		-1		247000		1.0192487e-24
0.5		0.5		1.0		-1		247000		1.1595545540323548e-24
0.5		0.5		1.0		1		247000		1.2145965849377206e-24
0.5		0.5		1.0		2		247000		1.2029136487206462e-24
0.5		0.5		1.0		3		247000		1.3798063313093993e-24
0.5		0.5		1.0		4		247000		1.1595545558887363e-24
0.5		1.0		1.0		-1		247000		1.0192487e-24
0.5		1.0		1.0		1		247000		1.0652150300459367e-24
0.5		1.0		1.0		2		247000		1.055391267133194e-24
0.5		1.0		1.0		3		247000		1.2029136487206462e-24
0.5		1.0		1.0		4		247000		1.0192487015526764e-24
0.5		2.0		1.0		-1		247000		9.0162460959752e-25
0.5		2.0		1.0		1		247000		9.402405915370405e-25
0.5		2.0		1.0		2		247000		9.319376417473866e-25
0.5		2.0		1.0		3		247000		1.055391267133194e-24
0.5		2.0		1.0		4		247000		9.016246109039556e-25
1.0		0.5		1.0		-1		247000		1.1595545540323548e-24
1.0		0.5		1.0		1		247000		1.2145965849377206e-24
1.0		0.5		1.0		2		247000		1.2029136487206462e-24
1.0		0.5		1.0		3		247000		1.3798063313093993e-24
1.0		0.5		1.0		4		247000		1.1595545558887363e-24
1.0		1.0		1.0		1		247000		1.0652150300459367e-24
1.0		1.0		1.0		2		247000		1.055391267133194e-24
1.0		1.0		1.0		3		247000		1.2029136487206462e-24
1.0		1.0		1.0		4		247000		1.0192487015526764e-24
1.0		2.0		1.0		-1		247000		9.0162460959752e-25
1.0		2.0		1.0		1		247000		9.402405915370405e-25
1.0		2.0		1.0		2		247000		9.319376417473866e-25
1.0		2.0		1.0		3		247000		1.055391267133194e-24
1.0		2.0		1.0		4		247000		9.016246109039556e-25
2.0		0.5		1.0		-1		247000		1.1595545540323548e-24
2.0		0.5		1.0		1		247000		1.2145965849377206e-24
2.0		0.5		1.0		2		247000		1.2029136487206462e-24
2.0		0.5		1.0		3		247000		1.3798063313093993e-24
2.0		0.5		1.0		4		247000		1.1595545558887363e-24
2.0		1.0		1.0		-1		247000		1.0192487e-24
2.0		1.0		1.0		1		247000		1.0652150300459367e-24
2.0		1.0		1.0		2		247000		1.055391267133194e-24
2.0		1.0		1.0		3		247000		1.2029136487206462e-24
2.0		1.0		1.0		4		247000		1.0192487015526764e-24
2.0		2.0		1.0		-1		247000		9.0162460959752e-25
2.0		2.0		1.0		1		247000		9.402405915370405e-25
2.0		2.0		1.0		2		247000		9.319376417473866e-25
2.0		2.0		1.0		3		247000		1.055391267133194e-24
2.0		2.0		1.0		4		247000		9.016246109039556e-25
1.0		1.0		1.0		-1		247000		1.0192487e-24
1.0		1.0		1.0		-1		247001		1.0617225032116726e-24
1.0		1.0		1.0		-1		247002		1.0870142289504582e-24
1.0		1.0		1.0		-1		247003		1.0354785273514423e-24
1.0		1.0		1.0		-1		247004		9.5446314593354e-25
1.0		1.0		1.0		-1		247005		1.261309602771355e-24
1.0		1.0		1.0		-1		247006		9.737677079698267e-25
1.0		1.0		1.0		-1		247007		9.597049215442823e-25
1.0		1.0		1.0		-1		247008		1.0207786809361206e-24
1.0		1.0		1.0		-1		247009		1.0665626303965163e-24
1.0		1.0		1.0		-1		247010		1.0834556777849098e-24
1.0		1.0		1.0		-1		247011		9.454817961596418e-25
1.0		1.0		1.0		-1		247012		1.0585627055167037e-24
1.0		1.0		1.0		-1		247013		9.192977956676254e-25
1.0		1.0		1.0		-1		247014		1.1010478851811297e-24
1.0		1.0		1.0		-1		247015		1.0189503974661877e-24
1.0		1.0		1.0		-1		247016		8.61877782487625e-25
1.0		1.0		1.0		-1		247017		9.569901641053408e-25
1.0		1.0		1.0		-1		247018		1.0578085811424692e-24
1.0		1.0		1.0		-1		247019		9.93962870760749e-25
1.0		1.0		1.0		-1		247020		9.923638578778562e-25
1.0		1.0		1.0		-1		247021		1.0354104482047556e-24
1.0		1.0		1.0		-1		247022		1.0248263776244244e-24
1.0		1.0		1.0		-1		247023		1.245856251812624e-24
1.0		1.0		1.0		-1		247024		1.1265045396692104e-24
1.0		1.0		1.0		-1		247025		1.0889018896296893e-24
1.0		1.0		1.0		-1		247026		9.688285340605281e-25
1.0		1.0		1.0		-1		247027		8.980945874237863e-25
1.0		1.0		1.0		-1		247028		9.267356748458359e-25
1.0		1.0		1.0		-1		247029		1.1760761192291548e-24
1.0		1.0		1.0		-1		247030		1.1114892352532237e-24
1.0		1.0		1.0		-1		247031		1.0257439851700122e-24
1.0		1.0		1.0		-1		247032		9.744507616921003e-25
1.0		1.0		1.0		-1		247033		8.903000366218184e-25
1.0		1.0		1.0		-1		247034		1.0817299146732904e-24
1.0		1.0		1.0		-1		247035		9.161129893017081e-25
1.0		1.0		1.0		-1		247036		1.0377756147332686e-24
1.0		1.0		1.0		-1		247037		9.96566752325259e-25
1.0		1.0		1.0		-1		247038		1.0340837421045698e-24
1.0		1.0		1.0		-1		247039		1.03493229503449e-24
1.0		1.0		1.0		-1		247040		9.521080323546068e-25
1.0		1.0		1.0		-1		247041		1.0779365296734098e-24
1.0		1.0		1.0		-1		247042		1.0108419395711748e-24
1.0		1.0		1.0		-1		247043		1.028559438760573e-24
1.0		1.0		1.0		-1		247044		9.030931164037431e-25
1.0		1.0		1.0		-1		247045		9.679564493213536e-25
1.0		1.0		1.0		-1		247046		9.263473942991867e-25
1.0		1.0		1.0		-1		247047		9.09850700446344e-25
1.0		1.0		1.0		-1		247048		1.0390630585414926e-24
1.0		1.0		1.0		-1		247049		9.34994463331697e-25
1.0		1.0		1.0		-1		247050		1.0322024711163928e-24
1.0		1.0		1.0		-1		247051		1.1008903342167075e-24
1.0		1.0		1.0		-1		247052		9.360921424418289e-25
1.0		1.0		1.0		-1		247053		1.0875049064270558e-24
1.0		1.0		1.0		-1		247054		8.752601174925899e-25
1.0		1.0		1.0		-1		247055		7.989624872448719e-25
1.0		1.0		1.0		-1		247056		1.2092324871084777e-24
1.0		1.0		1.0		-1		247057		1.156355754620879e-24
1.0		1.0		1.0		-1		247058		1.0101510691233992e-24
1.0		1.0		1.0		-1		247059		1.0995127205632682e-24
1.0		1.0		1.0		-1		247060		1.0269390090391177e-24
1.0		1.0		1.0		-1		247061		9.440417792089895e-25
1.0		1.0		1.0		-1		247062		9.581831395388954e-25
1.0		1.0		1.0		-1		247063		9.123883743215807e-25
1.0		1.0		1.0		-1		247064		9.735963878467216e-25
1.0		1.0		1.0		-1		247065		9.361507070473154e-25
1.0		1.0		1.0		-1		247066		9.769397594683838e-25
1.0		1.0		1.0		-1		247067		1.0146249330625277e-24
1.0		1.0		1.0		-1		247068		1.0310282785623592e-24
1.0		1.0		1.0		-1		247069		9.981286523841534e-25
1.0		1.0		1.0		-1		247070		9.365124455986976e-25
1.0		1.0		1.0		-1		247071		1.1380596860907613e-24
1.0		1.0		1.0		-1		247072		9.994349826701406e-25
1.0		1.0		1.0		-1		247073		1.0749785923841905e-24
1.0		1.0		1.0		-1		247074		1.0631773729414572e-24
1.0		1.0		1.0		-1		247075		9.982088830774022e-25
1.0		1.0		1.0		-1		247076		9.791805248079478e-25
1.0		1.0		1.0		-1		247077		9.908135069038127e-25
1.0		1.0		1.0		-1		247078		9.947633761408566e-25
1.0		1.0		1.0		-1		247079		1.1686511713087957e-24
1.0		1.0		1.0		-1		247080		1.2783574478112532e-24
1.0		1.0		1.0		-1		247081		1.025223495968188e-24
1.0		1.0		1.0		-1		247082		9.98675346632649e-25
1.0		1.0		1.0		-1		247083		9.667378587291917e-25
1.0		1.0		1.0		-1		247084		1.0657791552781442e-24
1.0		1.0		1.0		-1		247085		1.0237867016394096e-24
1.0		1.0		1.0		-1		247086		9.648627950473201e-25
1.0		1.0		1.0		-1		247087		1.1023944287194299e-24
1.0		1.0		1.0		-1		247088		1.1117832192092965e-24
1.0		1.0		1.0		-1		247089		1.055562469090314e-24
1.0		1.0		1.0		-1		247090		9.881730974496248e-25
1.0		1.0		1.0		-1		247091		1.1630727679734666e-24
1.0		1.0		1.0		-1		247092		1.0734734083672824e-24
1.0		1.0		1.0		-1		247093		1.0698702268249486e-24
1.0		1.0		1.0		-1		247094		1.0569669513659796e-24
1.0		1.0		1.0		-1		247095		9.97085999712338e-25
1.0		1.0		1.0		-1		247096		1.1478503517640632e-24
1.0		1.0		1.0		-1		247097		7.595226208719466e-25
1.0		1.0		1.0		-1		247098		1.0456458253439764e-24
1.0		1.0		1.0		-1		247099		9.263083450640676e-25
1.0		1.0		1.0		-1		247100		9.643248895078975e-25

#***************************************************************************
#
# original cross-section: 1.0192487e-24
#     scale variation: +13.8% -11.5%
#     central scheme variation: +18% - 0%
# PDF variation: +6.82e-284% -6.8e-284%
#
# dynamical scheme # 1 : 1.06522e-24 +14% -11.7% # \sum ET
# dynamical scheme # 2 : 1.05539e-24 +14% -11.7% # \sum\sqrt{m^2+pt^2}
# dynamical scheme # 3 : 1.20291e-24 +14.7% -12.3% # 0.5 \sum\sqrt{m^2+pt^2}
# dynamical scheme # 4 : 1.01925e-24 +13.8% -11.5% # \sqrt{\hat s}
#***************************************************************************
