# This file was automatically created by FeynRules 2.3.49
# Mathematica version: 12.0.0 for Linux x86 (64-bit) (April 7, 2019)
# Date: Mon 29 Apr 2024 14:51:23


# 
# This is the logfile for the model HAHM_variableMW_v5

# Authors: C. Duhr, David Curtin
# Model version: 2.3.31
# Checking the Quantum numbers
   * Electric charge defined.
# Checking the Lagrangians
   * All Lagrangians are ok.
#
# Particle definitions
#

   * No particles removed. All particles correspond to GenInt setup.



# Compulsory PDG codes:
   * Class SM leptons complete.
   * Class SM neutrinos complete.
   * Class SM quarks complete.
   * Class SM gauge bosons incomplete. 23, 24 missing.
#
# Parameter definitions
#

   * All parameters are ok.


# Vertices
   * Calling FeynmanRules for 1 Lagrangians.
   * Number of classes vertices: 25
   * Number of flavored vertices: 41
   * Saved vertices in InterfaceRun[ 1 ].
   * Checked QNumber conservation.
      - Quantum number LeptonNumber conserved in all vertices.
      - Quantum number Q conserved in all vertices.
      - Quantum number Y conserved in all vertices.
   * particles.py written.
   * parameters.py written.
#
# Vertex definitions
#

   * 41 vertices written.
   * vertices.py written.
#
# Lorentz structure definitions
#

   * 9 lorentz structures written.
   * lorentz.py written.
#
# Coupling definitions
#

   * 36 couplings written.
   * couplings.py written.
#
# Coupling order definitions
#

   * 0 couplings orders written.
   * coupling_orders.py written.
#
# Decay definitions
#

   * 2 decays written.
   * decay.py not written
#
# CTCoupling definitions
#

   * 0 CTcouplings written.
   * CT_couplings.py written.
